[15:06:14] [main/INFO] (FabricLoader/GameProvider) Loading Minecraft 1.21.6 with Fabric Loader 0.16.14
[15:06:14] [main/INFO] (FabricLoader) Loading 49 mods:
	- fabric-api 0.127.1+1.21.6
	- fabric-api-base 0.4.63+9ec45cd896
	- fabric-api-lookup-api-v1 1.6.99+9ec45cd896
	- fabric-biome-api-v1 16.0.10+fa6cb72b96
	- fabric-block-api-v1 1.1.2+78dbe4fb96
	- fabric-block-view-api-v2 1.0.30+d32f812d96
	- fabric-client-gametest-api-v1 4.2.3+458b8c9a96
	- fabric-command-api-v2 2.2.52+b39a696a96
	- fabric-content-registries-v0 10.0.17+fa6cb72b96
	- fabric-convention-tags-v1 2.1.37+7f945d5b96
	- fabric-convention-tags-v2 2.15.2+d9a8963096
	- fabric-crash-report-info-v1 0.3.14+fa6cb72b96
	- fabric-data-attachment-api-v1 1.8.9+d9a8963096
	- fabric-data-generation-api-v1 23.2.1+a12c792296
	- fabric-dimensions-v1 4.0.18+75fa737a96
	- fabric-entity-events-v1 2.1.0+c9e4727396
	- fabric-events-interaction-v0 4.0.22+0d4d744796
	- fabric-game-rule-api-v1 1.0.71+9ec45cd896
	- fabric-gametest-api-v1 3.1.8+39ce47f596
	- fabric-item-api-v1 11.4.2+5e29f18996
	- fabric-item-group-api-v1 4.2.12+9ec45cd896
	- fabric-key-binding-api-v1 1.0.64+9ec45cd896
	- fabric-lifecycle-events-v1 2.6.2+db4dfd8596
	- fabric-loot-api-v2 3.0.54+3f89f5a596
	- fabric-loot-api-v3 2.0.1+f408173096
	- fabric-message-api-v1 6.1.0+8efa0e4996
	- fabric-model-loading-api-v1 5.2.4+ae8be2b896
	- fabric-networking-api-v1 5.0.0+d32f812d96
	- fabric-object-builder-api-v1 21.1.6+946cf78996
	- fabric-particles-v1 4.1.6+c1dce21896
	- fabric-recipe-api-v1 8.1.13+39ce47f596
	- fabric-registry-sync-v0 6.1.26+5936d6ff96
	- fabric-renderer-api-v1 7.0.1+a0cfcc8296
	- fabric-renderer-indigo 4.0.1+2516f22296
	- fabric-rendering-fluids-v1 3.1.29+fa6cb72b96
	- fabric-rendering-v1 12.3.0+ac3e15d196
	- fabric-resource-conditions-api-v1 5.0.23+908cbc9196
	- fabric-resource-loader-v0 3.1.10+fa6cb72b96
	- fabric-screen-api-v1 2.0.50+908cbc9196
	- fabric-screen-handler-api-v1 1.3.135+d32f812d96
	- fabric-sound-api-v1 1.0.41+d32f812d96
	- fabric-tag-api-v1 1.2.0+75110b0496
	- fabric-transfer-api-v1 6.0.4+074c84ee96
	- fabric-transitive-access-wideners-v1 6.4.0+ac3e15d196
	- fabricloader 0.16.14
	- ghastfire73 1.0-Alpha
	- java 21
	- minecraft 1.21.6
	- mixinextras 0.4.1
[15:06:15] [main/INFO] (FabricLoader/Mixin) SpongePowered MIXIN Subsystem Version=0.8.7 Source=file:/C:/Users/jakeb/.gradle/caches/modules-2/files-2.1/net.fabricmc/sponge-mixin/0.15.5+mixin.0.8.7/22f9eb729e216a091673a574a5906dc1b9027fb3/sponge-mixin-0.15.5+mixin.0.8.7.jar Service=Knot/Fabric Env=CLIENT
[15:06:15] [main/INFO] (FabricLoader/Mixin) Loaded Fabric development mappings for mixin remapper!
[15:06:15] [main/INFO] (FabricLoader/Mixin) Compatibility level set to JAVA_21
[15:06:16] [main/INFO] (FabricLoader/MixinExtras|Service) Initializing MixinExtras via com.llamalad7.mixinextras.service.MixinExtrasServiceImpl(version=0.4.1).
[15:06:17] [Datafixer Bootstrap/INFO] (Minecraft) 269 Datafixer optimizations took 453 milliseconds
[15:06:22] [Render thread/INFO] (Minecraft) Environment: Environment[sessionHost=https://sessionserver.mojang.com, servicesHost=https://api.minecraftservices.com, name=PROD]
[15:06:22] [Render thread/INFO] (Minecraft) Setting user: Player908
[15:06:22] [Render thread/INFO] (Minecraft) [STDOUT]: GhastFire Initialized!
[15:06:22] [Render thread/INFO] (Indigo) [Indigo] Registering Indigo renderer!
[15:06:23] [Render thread/INFO] (Minecraft) Backend library: LWJGL version 3.3.3-snapshot
[15:06:23] [Render thread/INFO] (Minecraft) Using optional rendering extensions: GL_ARB_buffer_storage, GL_KHR_debug, GL_ARB_vertex_attrib_binding, GL_ARB_direct_state_access
[15:06:24] [Render thread/INFO] (Minecraft) Reloading ResourceManager: vanilla, fabric, fabric-api, fabric-api-base, fabric-api-lookup-api-v1, fabric-biome-api-v1, fabric-block-api-v1, fabric-block-view-api-v2, fabric-client-gametest-api-v1, fabric-command-api-v2, fabric-content-registries-v0, fabric-convention-tags-v1, fabric-convention-tags-v2, fabric-crash-report-info-v1, fabric-data-attachment-api-v1, fabric-data-generation-api-v1, fabric-dimensions-v1, fabric-entity-events-v1, fabric-events-interaction-v0, fabric-game-rule-api-v1, fabric-gametest-api-v1, fabric-item-api-v1, fabric-item-group-api-v1, fabric-key-binding-api-v1, fabric-lifecycle-events-v1, fabric-loot-api-v2, fabric-loot-api-v3, fabric-message-api-v1, fabric-model-loading-api-v1, fabric-networking-api-v1, fabric-object-builder-api-v1, fabric-particles-v1, fabric-recipe-api-v1, fabric-registry-sync-v0, fabric-renderer-api-v1, fabric-renderer-indigo, fabric-rendering-fluids-v1, fabric-rendering-v1, fabric-resource-conditions-api-v1, fabric-resource-loader-v0, fabric-screen-api-v1, fabric-screen-handler-api-v1, fabric-sound-api-v1, fabric-tag-api-v1, fabric-transfer-api-v1, fabric-transitive-access-wideners-v1, fabricloader
[15:06:24] [Worker-Main-10/INFO] (Minecraft) Found unifont_pua-16.0.03.hex, loading
[15:06:24] [Worker-Main-9/INFO] (Minecraft) Found unifont_all_no_pua-16.0.03.hex, loading
[15:06:24] [Worker-Main-11/INFO] (Minecraft) Found unifont_jp_patch-16.0.03.hex, loading
[15:06:25] [Render thread/INFO] (Minecraft) OpenAL initialized on device OpenAL Soft on Speakers (High Definition Audio Device)
[15:06:25] [Render thread/INFO] (Minecraft) Sound engine started
[15:06:25] [Render thread/INFO] (Minecraft) Created: 1024x512x4 minecraft:textures/atlas/blocks.png-atlas
[15:06:25] [Render thread/INFO] (Minecraft) Created: 256x256x4 minecraft:textures/atlas/signs.png-atlas
[15:06:25] [Render thread/INFO] (Minecraft) Created: 512x512x4 minecraft:textures/atlas/shield_patterns.png-atlas
[15:06:25] [Render thread/INFO] (Minecraft) Created: 512x512x4 minecraft:textures/atlas/banner_patterns.png-atlas
[15:06:25] [Render thread/INFO] (Minecraft) Created: 2048x1024x4 minecraft:textures/atlas/armor_trims.png-atlas
[15:06:25] [Render thread/INFO] (Minecraft) Created: 128x64x4 minecraft:textures/atlas/decorated_pot.png-atlas
[15:06:25] [Render thread/INFO] (Minecraft) Created: 256x256x4 minecraft:textures/atlas/chest.png-atlas
[15:06:25] [Render thread/INFO] (Minecraft) Created: 512x256x4 minecraft:textures/atlas/beds.png-atlas
[15:06:25] [Render thread/INFO] (Minecraft) Created: 512x256x4 minecraft:textures/atlas/shulker_boxes.png-atlas
[15:06:25] [Render thread/INFO] (Minecraft) Created: 64x64x0 minecraft:textures/atlas/map_decorations.png-atlas
[15:06:25] [Render thread/INFO] (Minecraft) Created: 512x256x0 minecraft:textures/atlas/particles.png-atlas
[15:06:25] [Render thread/INFO] (Minecraft) Created: 512x256x0 minecraft:textures/atlas/paintings.png-atlas
[15:06:25] [Render thread/INFO] (Minecraft) Created: 1024x512x0 minecraft:textures/atlas/gui.png-atlas
[15:06:31] [Render thread/INFO] (Minecraft) Loaded 1407 recipes
[15:06:31] [Render thread/INFO] (Minecraft) Loaded 1520 advancements
[15:06:31] [Render thread/INFO] (BiomeModificationImpl) Applied 0 biome modifications to 0 of 65 new biomes in 1.086 ms
[15:06:31] [Server thread/INFO] (Minecraft) Starting integrated minecraft server version 1.21.6
[15:06:31] [Server thread/INFO] (Minecraft) Generating keypair
[15:06:32] [Server thread/INFO] (Minecraft) Preparing start region for dimension minecraft:overworld
[15:06:32] [Render thread/INFO] (Minecraft) Preparing spawn area: 0%
[15:06:32] [Render thread/INFO] (Minecraft) Preparing spawn area: 0%
[15:06:32] [Render thread/INFO] (Minecraft) Time elapsed: 621 ms
[15:06:32] [Server thread/INFO] (Minecraft) Changing view distance to 12, from 10
[15:06:32] [Server thread/INFO] (Minecraft) Changing simulation distance to 12, from 0
[15:06:33] [Server thread/INFO] (Minecraft) Player908[local:E:a192c811] logged in with entity id 14 at (322.4754703316106, 48.689601924264764, -602.8638427873675)
[15:06:33] [Server thread/INFO] (Minecraft) Player908 joined the game
[15:06:33] [Server thread/INFO] (Minecraft) Player908 has made the advancement [Ice Bucket Challenge]
[15:06:34] [Render thread/INFO] (Minecraft) [System] [CHAT] Player908 has made the advancement [Ice Bucket Challenge]
[15:06:34] [Render thread/INFO] (Minecraft) Loaded 19 advancements
[15:06:34] [Render thread/INFO] (Minecraft) Resizing Dynamic Transforms UBO, capacity limit of 2 reached during a single frame. New capacity will be 4.
[15:06:34] [Render thread/INFO] (Minecraft) Resizing Dynamic Transforms UBO, capacity limit of 4 reached during a single frame. New capacity will be 8.
[15:06:34] [Render thread/INFO] (Minecraft) Resizing Dynamic Transforms UBO, capacity limit of 8 reached during a single frame. New capacity will be 16.
[15:06:34] [Render thread/INFO] (Minecraft) Resizing Dynamic Transforms UBO, capacity limit of 16 reached during a single frame. New capacity will be 32.
[15:06:34] [Render thread/INFO] (Minecraft) Resizing Dynamic Transforms UBO, capacity limit of 32 reached during a single frame. New capacity will be 64.
[15:06:34] [Render thread/INFO] (Minecraft) Resizing Dynamic Transforms UBO, capacity limit of 64 reached during a single frame. New capacity will be 128.
[15:06:34] [Render thread/INFO] (Minecraft) Resizing Dynamic Transforms UBO, capacity limit of 128 reached during a single frame. New capacity will be 256.
[15:06:34] [Render thread/INFO] (Minecraft) Resizing Dynamic Transforms UBO, capacity limit of 256 reached during a single frame. New capacity will be 512.
[15:06:35] [Render thread/INFO] (Minecraft) Resizing Dynamic Transforms UBO, capacity limit of 512 reached during a single frame. New capacity will be 1024.
[15:06:36] [Render thread/INFO] (Minecraft) Resizing Dynamic Transforms UBO, capacity limit of 1024 reached during a single frame. New capacity will be 2048.
[15:07:02] [Render thread/INFO] (Minecraft) [System] [CHAT] Incorrect argument for command
[15:07:02] [Render thread/INFO] (Minecraft) [System] [CHAT] ...Player908 1 1 1 end<--[HERE]
[15:07:15] [Server thread/INFO] (Minecraft) Saving and pausing game...
[15:07:15] [Server thread/INFO] (Minecraft) Saving chunks for level 'ServerLevel[New World]'/minecraft:overworld
[15:07:15] [Server thread/INFO] (Minecraft) Saving chunks for level 'ServerLevel[New World]'/minecraft:the_nether
[15:07:15] [Server thread/INFO] (Minecraft) Saving chunks for level 'ServerLevel[New World]'/minecraft:the_end
[15:07:18] [Render thread/WARN] (Minecraft) Received passengers for unknown entity
[15:07:23] [Render thread/INFO] (Minecraft) Loaded 21 advancements
[15:08:01] [Render thread/WARN] (Minecraft) Received passengers for unknown entity
[15:08:52] [Server thread/INFO] (Minecraft) Locating element minecraft:stronghold took 203 ms
[15:08:52] [Render thread/INFO] (Minecraft) [System] [CHAT] The nearest minecraft:stronghold is at [16, ~, -4992] (2603 blocks away)
[15:08:54] [Server thread/INFO] (Minecraft) [Player908: Teleported Player908 to 16.500000, 74.881179, -4991.500000]
[15:08:54] [Render thread/INFO] (Minecraft) [System] [CHAT] Teleported Player908 to 16.500000, 74.881179, -4991.500000
[15:08:59] [Server thread/INFO] (Minecraft) [Player908: Set own game mode to Spectator Mode]
[15:08:59] [Render thread/INFO] (Minecraft) [System] [CHAT] Set own game mode to Spectator Mode
[15:09:16] [Server thread/INFO] (Minecraft) Player908 has made the advancement [Eye Spy]
[15:09:16] [Render thread/INFO] (Minecraft) [System] [CHAT] Player908 has made the advancement [Eye Spy]
[15:09:16] [Render thread/INFO] (Minecraft) Loaded 22 advancements
[15:09:16] [Server thread/INFO] (Minecraft) [Player908: Set own game mode to Creative Mode]
[15:09:16] [Render thread/INFO] (Minecraft) [System] [CHAT] Set own game mode to Creative Mode
[15:09:22] [Server thread/INFO] (Minecraft) Player908 has made the advancement [The End?]
[15:09:22] [Render thread/INFO] (Minecraft) [System] [CHAT] Player908 has made the advancement [The End?]
[15:09:22] [Render thread/INFO] (Minecraft) Loaded 28 advancements
[15:09:23] [Server thread/INFO] (Minecraft) Scanning for legacy world dragon fight...
[15:09:23] [Server thread/INFO] (Minecraft) Found that the dragon has not yet been killed in this world.
[15:09:48] [Server thread/INFO] (Minecraft) [Player908: Set own game mode to Survival Mode]
[15:09:48] [Render thread/INFO] (Minecraft) [System] [CHAT] Set own game mode to Survival Mode
[15:09:49] [Server thread/INFO] (Minecraft) [Player908: Set own game mode to Creative Mode]
[15:09:49] [Render thread/INFO] (Minecraft) [System] [CHAT] Set own game mode to Creative Mode
[15:09:58] [Render thread/INFO] (Minecraft) Loaded 29 advancements
[15:10:00] [Render thread/INFO] (Minecraft) Loaded 50 advancements
[15:10:26] [Server thread/INFO] (Minecraft) [Player908: Summoned new Happy Ghast]
[15:10:26] [Render thread/INFO] (Minecraft) [System] [CHAT] Summoned new Happy Ghast
[15:10:31] [Server thread/INFO] (Minecraft) [Player908: Set own game mode to Survival Mode]
[15:10:31] [Render thread/INFO] (Minecraft) [System] [CHAT] Set own game mode to Survival Mode
[15:10:47] [Server thread/INFO] (Minecraft) [Player908: Gave 1 [Warped Fungus on a Stick] to Player908]
[15:10:47] [Render thread/INFO] (Minecraft) [System] [CHAT] Gave 1 [Warped Fungus on a Stick] to Player908
[15:10:48] [Server thread/INFO] (Minecraft) [Player908: Gave 1 [Warped Fungus on a Stick] to Player908]
[15:10:48] [Render thread/INFO] (Minecraft) [System] [CHAT] Gave 1 [Warped Fungus on a Stick] to Player908
[15:10:48] [Server thread/INFO] (Minecraft) [Player908: Gave 1 [Warped Fungus on a Stick] to Player908]
[15:10:48] [Render thread/INFO] (Minecraft) [System] [CHAT] Gave 1 [Warped Fungus on a Stick] to Player908
[15:10:49] [Server thread/INFO] (Minecraft) [Player908: Gave 1 [Warped Fungus on a Stick] to Player908]
[15:10:49] [Render thread/INFO] (Minecraft) [System] [CHAT] Gave 1 [Warped Fungus on a Stick] to Player908
[15:10:49] [Server thread/INFO] (Minecraft) [Player908: Gave 1 [Warped Fungus on a Stick] to Player908]
[15:10:49] [Render thread/INFO] (Minecraft) [System] [CHAT] Gave 1 [Warped Fungus on a Stick] to Player908
[15:10:50] [Server thread/INFO] (Minecraft) [Player908: Gave 1 [Warped Fungus on a Stick] to Player908]
[15:10:50] [Render thread/INFO] (Minecraft) [System] [CHAT] Gave 1 [Warped Fungus on a Stick] to Player908
[15:12:55] [Render thread/INFO] (Minecraft) Loaded 88 advancements
[15:12:58] [Server thread/INFO] (Minecraft) Player908 fell from a high place
[15:12:58] [Render thread/INFO] (Minecraft) [System] [CHAT] Player908 fell from a high place
[15:13:06] [Server thread/INFO] (Minecraft) [Player908: Set own game mode to Creative Mode]
[15:13:06] [Render thread/INFO] (Minecraft) [System] [CHAT] Set own game mode to Creative Mode
[15:18:09] [Server thread/INFO] (Minecraft) [Player908: Summoned new Happy Ghast]
[15:18:09] [Render thread/INFO] (Minecraft) [System] [CHAT] Summoned new Happy Ghast
[15:18:12] [Server thread/INFO] (Minecraft) Saving and pausing game...
[15:18:12] [Server thread/INFO] (Minecraft) Saving chunks for level 'ServerLevel[New World]'/minecraft:overworld
[15:18:12] [Server thread/INFO] (Minecraft) Saving chunks for level 'ServerLevel[New World]'/minecraft:the_nether
[15:18:12] [Server thread/INFO] (Minecraft) Saving chunks for level 'ServerLevel[New World]'/minecraft:the_end
[15:18:29] [Render thread/INFO] (Minecraft) Loaded 88 advancements
[15:19:07] [Render thread/INFO] (Minecraft) [System] [CHAT] Saved screenshot as 2025-06-23_15.19.07.png
[15:23:29] [Render thread/WARN] (Minecraft) Received passengers for unknown entity
[15:27:19] [Render thread/WARN] (Minecraft) Received passengers for unknown entity
[15:36:04] [Server thread/INFO] (Minecraft) Saving and pausing game...
[15:36:04] [Server thread/INFO] (Minecraft) Saving chunks for level 'ServerLevel[New World]'/minecraft:overworld
[15:36:04] [Server thread/INFO] (Minecraft) Saving chunks for level 'ServerLevel[New World]'/minecraft:the_nether
[15:36:04] [Server thread/INFO] (Minecraft) Saving chunks for level 'ServerLevel[New World]'/minecraft:the_end
[15:36:05] [Server thread/INFO] (Minecraft) Player908 lost connection: Disconnected
[15:36:05] [Server thread/INFO] (Minecraft) Player908 left the game
[15:36:05] [Server thread/INFO] (Minecraft) Stopping singleplayer server as player logged out
[15:36:05] [Server thread/INFO] (Minecraft) Stopping server
[15:36:05] [Server thread/INFO] (Minecraft) Saving players
[15:36:05] [Server thread/INFO] (Minecraft) Saving worlds
[15:36:05] [Server thread/INFO] (Minecraft) Saving chunks for level 'ServerLevel[New World]'/minecraft:overworld
[15:36:05] [Server thread/INFO] (Minecraft) Saving chunks for level 'ServerLevel[New World]'/minecraft:the_nether
[15:36:05] [Server thread/INFO] (Minecraft) Saving chunks for level 'ServerLevel[New World]'/minecraft:the_end
[15:36:05] [Server thread/INFO] (Minecraft) ThreadedAnvilChunkStorage (New World): All chunks are saved
[15:36:05] [Server thread/INFO] (Minecraft) ThreadedAnvilChunkStorage (DIM-1): All chunks are saved
[15:36:05] [Server thread/INFO] (Minecraft) ThreadedAnvilChunkStorage (DIM1): All chunks are saved
[15:36:05] [Server thread/INFO] (Minecraft) ThreadedAnvilChunkStorage: All dimensions are saved
[15:36:06] [Render thread/INFO] (Minecraft) Stopping!
